[themewagon.github.io/LifeSure/index.html]
[backblue.gif]
[fade.gif]
[index.html]
[use.fontawesome.com/releases/v5.15.4/css/all.css]
[cdn.jsdelivr.net/npm/bootstrap-icons@1.4.1/font/bootstrap-icons.css]
[themewagon.github.io/LifeSure/lib/animate/animate.min.css]
[themewagon.github.io/LifeSure/lib/lightbox/css/lightbox.min.css]
[themewagon.github.io/LifeSure/lib/owlcarousel/assets/owl.carousel.min.css]
[themewagon.github.io/LifeSure/css/bootstrap.min.css]
[themewagon.github.io/LifeSure/css/style.css]
[themewagon.github.io/LifeSure/index-2.html]
[themewagon.github.io/LifeSure/about.html]
[themewagon.github.io/LifeSure/service.html]
[themewagon.github.io/LifeSure/blog.html]
[themewagon.github.io/LifeSure/feature.html]
[themewagon.github.io/LifeSure/team.html]
[themewagon.github.io/LifeSure/testimonial.html]
[themewagon.github.io/LifeSure/FAQ.html]
[themewagon.github.io/LifeSure/404.html]
[themewagon.github.io/LifeSure/contact.html]
[themewagon.github.io/LifeSure/img/carousel-2.png]
[themewagon.github.io/LifeSure/img/about-1.png]
[themewagon.github.io/LifeSure/img/blog-1.png]
[themewagon.github.io/LifeSure/img/blog-2.png]
[themewagon.github.io/LifeSure/img/blog-3.png]
[themewagon.github.io/LifeSure/img/blog-4.png]
[themewagon.github.io/LifeSure/img/team-1.jpg]
[themewagon.github.io/LifeSure/img/team-2.jpg]
[themewagon.github.io/LifeSure/img/team-3.jpg]
[themewagon.github.io/LifeSure/img/team-4.jpg]
[themewagon.github.io/LifeSure/img/testimonial-1.jpg]
[themewagon.github.io/LifeSure/img/testimonial-2.jpg]
[themewagon.github.io/LifeSure/img/testimonial-3.jpg]
[themewagon.github.io/LifeSure/img/instagram-footer-1.jpg]
[themewagon.github.io/LifeSure/img/instagram-footer-2.jpg]
[themewagon.github.io/LifeSure/img/instagram-footer-3.jpg]
[themewagon.github.io/LifeSure/img/instagram-footer-4.jpg]
[themewagon.github.io/LifeSure/img/instagram-footer-5.jpg]
[themewagon.github.io/LifeSure/img/instagram-footer-6.jpg]
[ajax.googleapis.com/ajax/libs/jquery/3.6.4/jquery.min.js]
[cdn.jsdelivr.net/npm/bootstrap@5.0.0/dist/js/bootstrap.bundle.min.js]
[themewagon.github.io/LifeSure/lib/wow/wow.min.js]
[themewagon.github.io/LifeSure/lib/easing/easing.min.js]
[themewagon.github.io/LifeSure/lib/waypoints/waypoints.min.js]
[themewagon.github.io/LifeSure/lib/counterup/counterup.min.js]
[themewagon.github.io/LifeSure/lib/lightbox/js/lightbox.min.js]
[themewagon.github.io/LifeSure/lib/owlcarousel/owl.carousel.min.js]
[themewagon.github.io/LifeSure/js/main.js]
[themewagon.github.io/LifeSure/index.html]
[use.fontawesome.com/releases/v5.15.4/css/all.css]
[cdn.jsdelivr.net/npm/bootstrap-icons@1.4.1/font/fonts/bootstrap-iconsfb95.woff2]
[cdn.jsdelivr.net/npm/bootstrap-icons@1.4.1/font/fonts/bootstrap-iconsfb95.woff]
[cdn.jsdelivr.net/npm/bootstrap-icons@1.4.1/font/bootstrap-icons.css]
[themewagon.github.io/LifeSure/lib/animate/animate.min.css]
[themewagon.github.io/LifeSure/lib/lightbox/images/loading.gif]
[themewagon.github.io/LifeSure/lib/lightbox/css/lightbox.min.css]
[themewagon.github.io/LifeSure/lib/owlcarousel/assets/owl.video.play.png]
[themewagon.github.io/LifeSure/lib/owlcarousel/assets/owl.carousel.min.css]
[themewagon.github.io/LifeSure/css/bootstrap.min.css]
[themewagon.github.io/LifeSure/img/bg-breadcrumb.jpg]
[themewagon.github.io/LifeSure/css/style.css]
[themewagon.github.io/LifeSure/index-2.html]
[themewagon.github.io/LifeSure/about.html]
[themewagon.github.io/LifeSure/service.html]
[themewagon.github.io/LifeSure/blog.html]
[themewagon.github.io/LifeSure/feature.html]
[themewagon.github.io/LifeSure/team.html]
[themewagon.github.io/LifeSure/testimonial.html]
[themewagon.github.io/LifeSure/FAQ.html]
[themewagon.github.io/LifeSure/404.html]
[themewagon.github.io/LifeSure/img/contact-img.png]
[themewagon.github.io/LifeSure/contact.html]
