<?php return array (
  0 => 'Symfony\\Bundle\\FrameworkBundle\\Controller\\AbstractController',
  1 => 'App\\Controller\\ClientController',
  2 => 'App\\Controller\\CompetanceController',
  3 => 'App\\Controller\\DomaineController',
  4 => 'App\\Controller\\EmployeController',
  5 => 'App\\Controller\\EquipeController',
  6 => 'App\\Controller\\EtatController',
  7 => 'App\\Controller\\FactureController',
  8 => 'App\\Controller\\FonctionController',
  9 => 'App\\Controller\\HomeController',
  10 => 'App\\Controller\\NotificationController',
  11 => 'App\\Controller\\PrioriteController',
  12 => 'App\\Controller\\ProjetController',
  13 => 'App\\Controller\\RegistrationController',
  14 => 'App\\Controller\\RessourceController',
  15 => 'App\\Controller\\RoleController',
  16 => 'App\\Controller\\SecurityController',
  17 => 'App\\Controller\\TacheController',
  18 => 'App\\Controller\\UserController',
  19 => 'App\\Controller\\UserProjectController',
  20 => 'App\\Entity\\Client',
  21 => 'App\\Entity\\Competance',
  22 => 'App\\Entity\\Domaine',
  23 => 'App\\Entity\\Employe',
  24 => 'App\\Entity\\Equipe',
  25 => 'App\\Entity\\Etat',
  26 => 'App\\Entity\\Facture',
  27 => 'App\\Entity\\Fonction',
  28 => 'App\\Entity\\Notification',
  29 => 'App\\Entity\\Priorite',
  30 => 'App\\Entity\\Projet',
  31 => 'App\\Entity\\ProjetClient',
  32 => 'App\\Entity\\Ressource',
  33 => 'App\\Entity\\Role',
  34 => 'App\\Entity\\Secure',
  35 => 'App\\Entity\\Tache',
  36 => 'App\\Entity\\User',
  37 => 'App\\Entity\\Utilisateur',
  38 => 'Doctrine\\Bundle\\DoctrineBundle\\Controller\\ProfilerController',
  39 => 'Doctrine\\ORM\\Cache\\Persister\\Entity\\AbstractEntityPersister',
  40 => 'Doctrine\\ORM\\Cache\\Persister\\Entity\\CachedEntityPersister',
  41 => 'Doctrine\\ORM\\Cache\\Persister\\Entity\\NonStrictReadWriteCachedEntityPersister',
  42 => 'Doctrine\\ORM\\Cache\\Persister\\Entity\\ReadOnlyCachedEntityPersister',
  43 => 'Doctrine\\ORM\\Cache\\Persister\\Entity\\ReadWriteCachedEntityPersister',
  44 => 'Doctrine\\ORM\\Persisters\\Entity\\AbstractEntityInheritancePersister',
  45 => 'Doctrine\\ORM\\Persisters\\Entity\\BasicEntityPersister',
  46 => 'Doctrine\\ORM\\Persisters\\Entity\\CachedPersisterContext',
  47 => 'Doctrine\\ORM\\Persisters\\Entity\\EntityPersister',
  48 => 'Doctrine\\ORM\\Persisters\\Entity\\JoinedSubclassPersister',
  49 => 'Doctrine\\ORM\\Persisters\\Entity\\SingleTablePersister',
  51 => 'Symfony\\Bundle\\FrameworkBundle\\Controller\\ControllerResolver',
  52 => 'Symfony\\Bundle\\FrameworkBundle\\Controller\\RedirectController',
  53 => 'Symfony\\Bundle\\FrameworkBundle\\Controller\\TemplateController',
  54 => 'Symfony\\Component\\HttpKernel\\Controller\\ArgumentResolver',
  55 => 'Symfony\\Component\\HttpKernel\\Controller\\ArgumentResolverInterface',
  56 => 'Symfony\\Component\\HttpKernel\\Controller\\ArgumentResolver\\DefaultValueResolver',
  57 => 'Symfony\\Component\\HttpKernel\\Controller\\ArgumentResolver\\NotTaggedControllerValueResolver',
  58 => 'Symfony\\Component\\HttpKernel\\Controller\\ArgumentResolver\\RequestAttributeValueResolver',
  59 => 'Symfony\\Component\\HttpKernel\\Controller\\ArgumentResolver\\RequestValueResolver',
  60 => 'Symfony\\Component\\HttpKernel\\Controller\\ArgumentResolver\\ServiceValueResolver',
  61 => 'Symfony\\Component\\HttpKernel\\Controller\\ArgumentResolver\\SessionValueResolver',
  62 => 'Symfony\\Component\\HttpKernel\\Controller\\ArgumentResolver\\TraceableValueResolver',
  63 => 'Symfony\\Component\\HttpKernel\\Controller\\ArgumentResolver\\VariadicValueResolver',
  64 => 'Symfony\\Component\\HttpKernel\\Controller\\ArgumentValueResolverInterface',
  65 => 'Symfony\\Component\\HttpKernel\\Controller\\ContainerControllerResolver',
  66 => 'Symfony\\Component\\HttpKernel\\Controller\\ControllerReference',
  67 => 'Symfony\\Component\\HttpKernel\\Controller\\ControllerResolver',
  68 => 'Symfony\\Component\\HttpKernel\\Controller\\ControllerResolverInterface',
  69 => 'Symfony\\Component\\HttpKernel\\Controller\\ErrorController',
  70 => 'Symfony\\Component\\HttpKernel\\Controller\\TraceableArgumentResolver',
  71 => 'Symfony\\Component\\HttpKernel\\Controller\\TraceableControllerResolver',
  72 => 'Symfony\\Component\\Security\\Http\\Controller\\UserValueResolver',
  73 => 'Twilio\\Rest\\Verify\\V2\\Service\\Entity\\ChallengeContext',
  74 => 'Twilio\\Rest\\Verify\\V2\\Service\\Entity\\ChallengeInstance',
  75 => 'Twilio\\Rest\\Verify\\V2\\Service\\Entity\\ChallengeList',
  76 => 'Twilio\\Rest\\Verify\\V2\\Service\\Entity\\ChallengeOptions',
  77 => 'Twilio\\Rest\\Verify\\V2\\Service\\Entity\\ChallengePage',
  78 => 'Twilio\\Rest\\Verify\\V2\\Service\\Entity\\Challenge\\NotificationInstance',
  79 => 'Twilio\\Rest\\Verify\\V2\\Service\\Entity\\Challenge\\NotificationList',
  80 => 'Twilio\\Rest\\Verify\\V2\\Service\\Entity\\Challenge\\NotificationOptions',
  81 => 'Twilio\\Rest\\Verify\\V2\\Service\\Entity\\Challenge\\NotificationPage',
  82 => 'Twilio\\Rest\\Verify\\V2\\Service\\Entity\\FactorContext',
  83 => 'Twilio\\Rest\\Verify\\V2\\Service\\Entity\\FactorInstance',
  84 => 'Twilio\\Rest\\Verify\\V2\\Service\\Entity\\FactorList',
  85 => 'Twilio\\Rest\\Verify\\V2\\Service\\Entity\\FactorOptions',
  86 => 'Twilio\\Rest\\Verify\\V2\\Service\\Entity\\FactorPage',
  87 => 'Twilio\\Rest\\Verify\\V2\\Service\\Entity\\NewFactorInstance',
  88 => 'Twilio\\Rest\\Verify\\V2\\Service\\Entity\\NewFactorList',
  89 => 'Twilio\\Rest\\Verify\\V2\\Service\\Entity\\NewFactorOptions',
  90 => 'Twilio\\Rest\\Verify\\V2\\Service\\Entity\\NewFactorPage',
);