<?php return array (
  0 => 'Symfony\\Bundle\\FrameworkBundle\\Controller\\AbstractController',
  1 => 'App\\Controller\\ChefTaskController',
  2 => 'App\\Controller\\ClientController',
  3 => 'App\\Controller\\CompetanceController',
  4 => 'App\\Controller\\DomaineController',
  5 => 'App\\Controller\\EmployeController',
  6 => 'App\\Controller\\EquipeController',
  7 => 'App\\Controller\\ErrorController',
  8 => 'App\\Controller\\EtatController',
  9 => 'App\\Controller\\FactureController',
  10 => 'App\\Controller\\FonctionController',
  11 => 'App\\Controller\\HomeController',
  12 => 'App\\Controller\\NotificationController',
  13 => 'App\\Controller\\PrioriteController',
  14 => 'App\\Controller\\ProjetController',
  15 => 'App\\Controller\\RegistrationController',
  16 => 'App\\Controller\\RessourceController',
  17 => 'App\\Controller\\RoleController',
  18 => 'App\\Controller\\SecurityController',
  19 => 'App\\Controller\\SprintController',
  20 => 'App\\Controller\\TacheController',
  21 => 'App\\Controller\\UserController',
  22 => 'App\\Controller\\UserProjectController',
  23 => 'App\\Entity\\Client',
  24 => 'App\\Entity\\Competance',
  25 => 'App\\Entity\\Domaine',
  26 => 'App\\Entity\\Employe',
  27 => 'App\\Entity\\Equipe',
  28 => 'App\\Entity\\Etat',
  29 => 'App\\Entity\\Facture',
  30 => 'App\\Entity\\Fonction',
  31 => 'App\\Entity\\Notification',
  32 => 'App\\Entity\\Priorite',
  33 => 'App\\Entity\\Projet',
  34 => 'App\\Entity\\ProjetClient',
  35 => 'App\\Entity\\Ressource',
  36 => 'App\\Entity\\Role',
  37 => 'App\\Entity\\Secure',
  38 => 'App\\Entity\\Sprint',
  39 => 'App\\Entity\\Tache',
  40 => 'App\\Entity\\User',
  41 => 'App\\Entity\\Utilisateur',
  42 => 'Doctrine\\Bundle\\DoctrineBundle\\Controller\\ProfilerController',
  43 => 'Doctrine\\ORM\\Cache\\Persister\\Entity\\AbstractEntityPersister',
  44 => 'Doctrine\\ORM\\Cache\\Persister\\Entity\\CachedEntityPersister',
  45 => 'Doctrine\\ORM\\Cache\\Persister\\Entity\\NonStrictReadWriteCachedEntityPersister',
  46 => 'Doctrine\\ORM\\Cache\\Persister\\Entity\\ReadOnlyCachedEntityPersister',
  47 => 'Doctrine\\ORM\\Cache\\Persister\\Entity\\ReadWriteCachedEntityPersister',
  48 => 'Doctrine\\ORM\\Persisters\\Entity\\AbstractEntityInheritancePersister',
  49 => 'Doctrine\\ORM\\Persisters\\Entity\\BasicEntityPersister',
  50 => 'Doctrine\\ORM\\Persisters\\Entity\\CachedPersisterContext',
  51 => 'Doctrine\\ORM\\Persisters\\Entity\\EntityPersister',
  52 => 'Doctrine\\ORM\\Persisters\\Entity\\JoinedSubclassPersister',
  53 => 'Doctrine\\ORM\\Persisters\\Entity\\SingleTablePersister',
  55 => 'Symfony\\Bundle\\FrameworkBundle\\Controller\\ControllerResolver',
  56 => 'Symfony\\Bundle\\FrameworkBundle\\Controller\\RedirectController',
  57 => 'Symfony\\Bundle\\FrameworkBundle\\Controller\\TemplateController',
  58 => 'Symfony\\Component\\HttpKernel\\Controller\\ArgumentResolver',
  59 => 'Symfony\\Component\\HttpKernel\\Controller\\ArgumentResolverInterface',
  60 => 'Symfony\\Component\\HttpKernel\\Controller\\ArgumentResolver\\DefaultValueResolver',
  61 => 'Symfony\\Component\\HttpKernel\\Controller\\ArgumentResolver\\NotTaggedControllerValueResolver',
  62 => 'Symfony\\Component\\HttpKernel\\Controller\\ArgumentResolver\\RequestAttributeValueResolver',
  63 => 'Symfony\\Component\\HttpKernel\\Controller\\ArgumentResolver\\RequestValueResolver',
  64 => 'Symfony\\Component\\HttpKernel\\Controller\\ArgumentResolver\\ServiceValueResolver',
  65 => 'Symfony\\Component\\HttpKernel\\Controller\\ArgumentResolver\\SessionValueResolver',
  66 => 'Symfony\\Component\\HttpKernel\\Controller\\ArgumentResolver\\TraceableValueResolver',
  67 => 'Symfony\\Component\\HttpKernel\\Controller\\ArgumentResolver\\VariadicValueResolver',
  68 => 'Symfony\\Component\\HttpKernel\\Controller\\ArgumentValueResolverInterface',
  69 => 'Symfony\\Component\\HttpKernel\\Controller\\ContainerControllerResolver',
  70 => 'Symfony\\Component\\HttpKernel\\Controller\\ControllerReference',
  71 => 'Symfony\\Component\\HttpKernel\\Controller\\ControllerResolver',
  72 => 'Symfony\\Component\\HttpKernel\\Controller\\ControllerResolverInterface',
  73 => 'Symfony\\Component\\HttpKernel\\Controller\\ErrorController',
  74 => 'Symfony\\Component\\HttpKernel\\Controller\\TraceableArgumentResolver',
  75 => 'Symfony\\Component\\HttpKernel\\Controller\\TraceableControllerResolver',
  76 => 'Symfony\\Component\\Security\\Http\\Controller\\UserValueResolver',
  77 => 'Twilio\\Rest\\Verify\\V2\\Service\\Entity\\ChallengeContext',
  78 => 'Twilio\\Rest\\Verify\\V2\\Service\\Entity\\ChallengeInstance',
  79 => 'Twilio\\Rest\\Verify\\V2\\Service\\Entity\\ChallengeList',
  80 => 'Twilio\\Rest\\Verify\\V2\\Service\\Entity\\ChallengeOptions',
  81 => 'Twilio\\Rest\\Verify\\V2\\Service\\Entity\\ChallengePage',
  82 => 'Twilio\\Rest\\Verify\\V2\\Service\\Entity\\Challenge\\NotificationInstance',
  83 => 'Twilio\\Rest\\Verify\\V2\\Service\\Entity\\Challenge\\NotificationList',
  84 => 'Twilio\\Rest\\Verify\\V2\\Service\\Entity\\Challenge\\NotificationOptions',
  85 => 'Twilio\\Rest\\Verify\\V2\\Service\\Entity\\Challenge\\NotificationPage',
  86 => 'Twilio\\Rest\\Verify\\V2\\Service\\Entity\\FactorContext',
  87 => 'Twilio\\Rest\\Verify\\V2\\Service\\Entity\\FactorInstance',
  88 => 'Twilio\\Rest\\Verify\\V2\\Service\\Entity\\FactorList',
  89 => 'Twilio\\Rest\\Verify\\V2\\Service\\Entity\\FactorOptions',
  90 => 'Twilio\\Rest\\Verify\\V2\\Service\\Entity\\FactorPage',
  91 => 'Twilio\\Rest\\Verify\\V2\\Service\\Entity\\NewFactorInstance',
  92 => 'Twilio\\Rest\\Verify\\V2\\Service\\Entity\\NewFactorList',
  93 => 'Twilio\\Rest\\Verify\\V2\\Service\\Entity\\NewFactorOptions',
  94 => 'Twilio\\Rest\\Verify\\V2\\Service\\Entity\\NewFactorPage',
);